// TUI Test Snapshot v1

exports[`Input Mode › snapshot of INSERT mode | 1`] = String.raw`
╭────────────────────────────────────────────────────────────────────────────────────────────────────╮
│╭──────────────────────────────────────────────────────────────────────────────────────────────────╮│
││◈ CATALYST ╺─╸ claude-sonnet-4-20250514                                                           ││
││                                                                                                  ││
││  ◈ Provider: anthropic | Model: claude-sonnet-4-20250514                                         ││
││  ⚠ No API key configured. Use /model to select a provider and enter your API key.                ││
││  ◈ Welcome to Catalyst! Type /help for commands.                                                 ││
││                                                                                                  ││
││                                                                                                  ││
││                                                                                                  ││
││                                                                                                  ││
││                                                                                                  ││
││                                                                                                  ││
││                                                                                                  ││
││                                                                                                  ││
││                                                                                                  ││
││                                                                                                  ││
││                                                                                                  ││
││                                                                                                  ││
││                                                                                                  ││
││                                                                                                  ││
││                                                                                                  ││
││                                                                                                  ││
││                                                                                                  ││
││                                                                                                  ││
││                                                                                                  ││
││                                                                                                  ││
│╭ ◈ INSERT ────────────────────────────────────────────────────────────────────────────────────────╮│
││typing a message                                                                                  ││
│╰──────────────────────────────────────────────────────────────────────────────────────────────────╯│
│insert │ Esc normal │ Enter send │ /help cmds │ Ctrl+C quit                                         │
╰────────────────────────────────────────────────────────────────────────────────────────────────────╯
`;

